// Jest Snapshot v1, https://goo.gl/fbAQLP

exports[`renders hint with body, title, and footer 1`] = `
<DocumentFragment>
  <div
    class="pf-c-hint"
  >
    <div
      class="pf-c-hint__actions"
    />
  </div>
</DocumentFragment>
`;
