// Jest Snapshot v1, https://goo.gl/fbAQLP

exports[`HintFooter matches snapshot 1`] = `
<DocumentFragment>
  <div
    class="pf-c-hint__footer"
  >
    <button>
      Test
    </button>
  </div>
</DocumentFragment>
`;
